PASS 8afd83c0d0c58f0d 0
DROP 30aaf65a81dc2cc5 8
PASS 1bcbaef46e98dc19 14
PASS 86ea2cfea1649035 20
DROP c12698de53c84df3 30
PASS a8cd9a95b26724ff 36
DROP e302c3dd0fa11117 41
DROP a86abb9518f1eba5 44
DROP e4bb4667d66d4747 51
PASS 221942a019b4c73d 59
DROP 06cb94490b5fc8a1 66
DROP 637ad6b01084ddf7 73
DROP 645b08add4690527 76
PASS 7db1a178823af8bd 83
DROP 1cb0e27d39b4955b 88
PASS a4da8adf973ea90f 92
DROP 0eb6c2562d5d4d6d 99
PASS 4a0d7d7453c25a8f 109
PASS b0b99615dfa44071 112
DROP 6594a2ceba0c954b 118
DROP 1fb7b3591ea8dc41 123
PASS 537417960185bf27 129
DROP ed4339fa8464ddf3 137
DROP 6c98370a1849b425 143
DROP 5cbb6fcb631d6a75 146
PASS 7c1c945afd3c2a89 153
PASS 8081c7e52ededa69 162
DROP c41c168050fffc8f 168
PASS 2b675d0318639b63 176
PASS b56324f809537f39 179
PASS fc34bc21597314e1 184
PASS 2f2e00f2be048b61 190
DROP 9117d70e67094be3 197
DROP 62e7a3b49de7d607 207
DROP 737d04520936128f 216
DROP f3ffd5558dc10001 221
PASS ddf84dd22285caa1 228
PASS 85a3d23c24cdd047 238
PASS 12b4df66dffedaab 241
PASS 9fc941dc1675f509 245
DROP 790100e0e914e4d9 254
DROP e23896c398dbb5fb 264
PASS 121a5bcad9867489 270
PASS 2fd33d3d62bc7db9 273
DROP 4d0adca80e731f0b 276
DROP 2dbaaab97a242795 286
DROP d1442bd987141bbd 291
DROP 02002096446fe061 301
DROP 409d3c3f96705d7d 307
PASS bdb3cc7fbc23039b 310
DROP 484d3bc1adc15dd3 314
DROP 1c23725a8265dcf3 317
PASS d4bc04cee8b558c1 327
DROP a94dda7bb31fa8cf 336
PASS 9ffc63824cc6ca5b 344
DROP ad5e44bfdf91adb3 352
PASS 0778b3f0a673928f 362
PASS 41efb5b6eaae601b 367
PASS 25fcd1a604df45e3 375
DROP 626f4289ec38763d 383
DROP 8c1a2cdd46a51dcd 386
PASS efee1c69898c6e75 393
DROP d178e40acbe99fab 402
PASS 4be914a0141d556f 407
PASS 4731e3451cd48831 414
PASS 70d9f77bce1a60f7 421
DROP 8a651c92b0100a7d 431
DROP 25aea1ce2a2783f1 437
PASS 21d3747bbcd0d753 443
PASS 335d2e802e0c1613 450
PASS e8b20702e58dbb5b 455
PASS 9a980e0ac61ace45 459
DROP 396016ef7d0cca05 468
DROP 546b25464927cead 476
DROP ec4a0f2fe48dc183 479
PASS 13edd1336ae74fad 489
DROP d619b79352890937 494
DROP eba32c6da672923d 503
PASS cd717186ec73f31b 510
PASS c60a6904e69b9659 519
PASS c4bf89efb4b54f63 525
PASS 3cd8e4717abe073f 535
PASS 59fe585788529253 540
PASS e5e230e47f56539f 544
PASS 190ed09b6b8c316d 547
DROP 423a494afc82fe87 551
PASS 125c547dc1ba0cf9 561
PASS f41da2ed13d761d9 569
PASS abb66d40b686daf7 576
PASS 62476f82b4f60c31 579
PASS a174cbba289f7245 582
DROP 5019472754fc70a7 585
PASS 24c1a2eee1fc2e6f 591
PASS 048e4e6562282de9 596
PASS a6aa48cdb35ab271 603
PASS e27d99527e8fe483 607
PASS 2560eb6c84d478c1 616
DROP a4b47c9e798e522b 624
DROP 99497b455905307d 634
DROP 8698f8b79f54f079 637
DROP a1537c977afbf119 643
DROP b15806896f3cfd09 650
DROP e9cd1362efd46ccf 653
PASS b75f7c481bc576c1 660
DROP e114311630d89937 665
PASS b14c36530b2db0f1 673
PASS 5d20900bd0d79b39 676
PASS d5a5b56b2b36cc7f 684
DROP 7dd73f3cafdbb0c5 694
DROP ffba935794825225 704
DROP b912f0d9410a390f 707
DROP 430cb6dc034092a1 714
DROP 4975e806d6d2fb39 721
DROP 5c659d71c3d687cb 726
PASS c6aadea204c5d85d 735
PASS 9b41e75f39c9057d 743
DROP f7d4fbe360a8a451 750
DROP 50a1db23c2938b45 757
DROP 8b930e7b46328037 767
PASS 8a19fbf4a70a2e2d 770
PASS 94e0baad2221a927 780
PASS 613b2c9fcbb328b5 784
PASS 0654d41c661bb341 787
PASS facceae1698d5b81 797
PASS dca4fb66b344ed19 805
PASS 0c2d02922171f48b 811
DROP 6ea7b54ece2b3019 814
PASS 26dd5b6e1d13df6b 818
DROP 942afb8fae9d9915 822
PASS 8c6755971b140fc3 825
DROP 635d2d63848fcf39 833
PASS ac1a9b994c2ae037 842
PASS d11e172d3bff40cd 848
PASS 78d91a7735d621ab 858
DROP 3317e68e74ef4c89 865
PASS 43deda2888817953 871
PASS 69dda8ca3b222593 879
PASS 7403137437f71609 889
PASS ecb708a432aa87a5 894
PASS a62df85cd8464379 897
PASS 22a72c0f98138201 905
DROP 206f4cf85c232925 915
DROP 8fd04010c8d3e5b3 920
DROP 27abc024285fd1cf 923
PASS ed897d18562e1973 932
DROP cf70aa9c415c4649 939
DROP 8e9174d60a294817 942
DROP fc82f758ea22f8b5 946
PASS 99d1f242b9894419 954
PASS 26c7c496da614b2b 963
PASS 1e2f0c001a70d1e7 972
PASS d9bf0adbf77e2c73 980
DROP 44cd990d389efaa7 987
PASS 0ef2259eac3fd11f 993
PASS c5d66a1ac31a776f 1002
PASS 0edc046ee9fa194b 1011
DROP 4f8624468a5c35e5 1019
DROP c6c61d27675b2fb7 1025
PASS a226ebdd707e7bc5 1029
DROP 54c75951cdf2a34b 1032
DROP a7ae18334845aedb 1042
PASS e9ecbe6968568a4f 1048
PASS 2bc63ca7dc94aff7 1057
PASS 7ad953f6b2a379e5 1067
PASS ce774971682451e7 1070
DROP 8e1c63d07bb5c07d 1078
DROP 2acf1fdb5e6b4d93 1081
DROP 9802dc11cc605345 1084
DROP d529ce0fcc91fdfd 1093
DROP 4b2b2955b9bf03df 1102
PASS 3196170821123d05 1108
DROP 4c16259926b3ceaf 1114
DROP 02fce1b4957832fd 1117
PASS 7d2d843c672a6b2b 1121
DROP c75cc9263390afcd 1128
PASS 372e7eb30aa359dd 1134
PASS 6ae2ec89d9fca227 1142
DROP 410ff83763135685 1146
PASS d149a77863cc1e05 1152
DROP 567c82b0ea73b029 1155
DROP ca44541f1030d8e7 1160
PASS 69db4cb1f14bba4d 1168
PASS 1559829c4364ceed 1177
DROP 8bdc8e8614344277 1181
PASS e8cb06c0c5de4019 1188
PASS b9d9299886830897 1196
PASS af2f5808bf051deb 1200
DROP 8c84294d84fb0291 1210
PASS 687ee43133080add 1219
PASS df734e2750279ab3 1226
DROP cbe497ea4b785a99 1236
PASS f6f7bee5a42a358f 1239
DROP 7e2020bcb729d1b7 1247
DROP 885445db739c5c19 1250
PASS 1124c844d86d50f1 1257
DROP 0815605df1d2fc25 1265
PASS b3f32d4e94bc3f33 1273
DROP 4ef07147bb157373 1280
PASS 8bdf8c2e8edac671 1285
DROP d9e635b4c22f109f 1289
PASS 9000d273761a1bef 1298
PASS 93c733b078118b77 1301
DROP a22ceac43586bb7d 1310
DROP fed73dd2687ea28d 1315
DROP 1dbbb436d3bee919 1321
DROP 77a7c4944e61da81 1331
PASS afd902f9147f38a7 1335
PASS 8fb78bf95f1706d1 1339
PASS bad9125c142be07d 1345
DROP 88182ae65d4dc5ff 1354
PASS a0612bf750ffc68d 1360
DROP 984b930391423965 1366
DROP 4931fe3ed2b866b3 1370
PASS 8afcdb723c2427df 1377
DROP f455bf2bb9a7cacf 1387
DROP 4ae829dd83990af1 1390
PASS 1b3cf40905d20a59 1397
DROP acb276e0ec036b1b 1404
PASS 44f25439cdc22c73 1414
DROP d3b81e7cd07775bf 1423
DROP a8714a4c56c541b9 1429
PASS 6f1eccf26543da57 1433
DROP 608cf6078f6ea421 1442
DROP 6fd2ad3e083de0e3 1449
DROP 902d56568aa56baf 1457
DROP 8f6a88a44d8d859f 1464
PASS f978f9852324920f 1469
PASS 76f825a44fadf461 1472
PASS fcfbc242ccac1e45 1477
DROP db722427fc1d360b 1480
PASS 2d85783b683a2a5b 1487
PASS e9e2925039f332ef 1490
PASS 1310d0b964115567 1500
DROP 22bd6aab2851e767 1503
DROP acafaf1db11b3357 1507
DROP 9b13b595fe8216e9 1512
PASS 2fc2ab592187d321 1521
DROP f1856940d12cfff7 1525
PASS 6bd234575dd6354b 1534
DROP db2affa894f75fc7 1539
DROP 22dbcadf191a2de7 1549
DROP fe6b831a6bc1fcf5 1559
PASS dc2eda9b8b8ed569 1565
PASS 9fca45c0990277e7 1571
PASS f6fc62d0e8d2fe03 1580
PASS 1c2680a42adfbb71 1590
DROP 9305d057d280584b 1593
PASS 7cd11b0421a7990d 1603
DROP 40212b8bd78a30ef 1611
PASS 9393c25d6e9e5baf 1618
DROP 08fa02b3100e408f 1628
DROP a8ac060f892dbfc5 1635
DROP db06fb512edc5cbf 1645
PASS 52e8f49ae158f425 1651
DROP 4d054542883b368b 1655
DROP d5844b2c7c29a86d 1664
DROP 110133c01b00e3ab 1670
PASS c9a74f278804082d 1677
PASS b4c81a48a53cb045 1687
DROP 9fc10c4f15825eb7 1693
DROP e21055ac860ff2af 1702
PASS 80fa6cbf74d94209 1705
PASS ad1c600a81ad1e21 1711
PASS bee24a3c986330a5 1716
DROP 51ac9e350fafe4cd 1726
DROP 60bfecf81a355e3b 1736
PASS c689893dbe219e63 1740
DROP 363dcde596cac2e7 1743
PASS 7659bb03c50d1b05 1751
PASS bcb9f68d4c041e61 1757
PASS af765db4af57e2e9 1764
PASS c7111b8ff32c3547 1767
PASS d23a3c474fd720f5 1773
DROP 48bcf67d4b4656d9 1780
PASS e8e0769db0460a4f 1790
DROP 10ec18869fcfaf01 1794
PASS 68c8250c551daafd 1803
PASS 2e3258c37f6927ab 1811
DROP 08497f28b27bc92b 1815
PASS 31f83420c9deff89 1825
PASS 1ac9047093da36f1 1832
PASS 7061d10f3fa7b119 1837
DROP 72a7b551801907f9 1842
PASS b65e8966251fd01d 1848
PASS d193d0050f9b14ef 1852
PASS 7c2b22c6eebb0a73 1861
PASS a95365e584414f6d 1866
DROP 71750c700713b5e3 1875
DROP f5d319b2a93df6c5 1885
PASS 067aadafdd5072df 1888
DROP ed1482426bfd57dd 1892
DROP c419015270abd201 1901
DROP e06413321958a09d 1910
DROP bbce3ca6d3225d0f 1916
DROP fee1162a7977e5b7 1921
DROP b9bfe0333af77f71 1926
PASS b14723bb30bb1a15 1930
PASS 723e36ab8b1b90e9 1937
PASS 0dabfdef15923b7b 1941
PASS a0722a13a102917d 1948
PASS be47e688a4488439 1957
DROP e8b984f0335073f7 1964
PASS b3c020fbe3b17957 1973
PASS 0ac188fb841eb03b 1980
DROP f8d5c54e96aecab1 1987
DROP 9ca2843f91b60fdb 1992
DROP 48478d9748bb4c4b 2000
DROP 5cae37ad5a7eb903 2007
DROP a4a844a23990a8c9 2017
PASS 5685123e57470673 2026
DROP a435543e1e72e6bf 2032
PASS b8af5834ebd53cfb 2037
PASS 998db985299729bb 2043
PASS d5e469f746d9eb3b 2052
DROP 1f51b5ac55ab4603 2058
DROP 894920dd6791e7ed 2067
DROP 57c2fb3eaa8e8a01 2073
DROP 6a658f314707d163 2078
PASS c6e2ca8ca710b361 2082
DROP add13d7c253c310d 2086
PASS ea93afc39ab92e95 2091
DROP 1cfabb347f56764b 2100
DROP 74d631cf94c5e0ad 2108
DROP b8c08be909337085 2113
DROP 03582af69df83cbb 2123
DROP 4ebb25b91ee018eb 2128
PASS c0657b198275cab7 2136
PASS 6d9a42e91a777e5f 2146
DROP fbc698933911dde9 2153
DROP 9605a1b22c8249c7 2163
DROP 2e39818d2c4dddd7 2173
PASS d1d8a9280afbd831 2176
PASS 88158d222560fc97 2186
DROP 22ce00da916499d9 2191
DROP 75fc4c879c7f9355 2197
DROP 51f496fc1cbc35ef 2205
DROP e8cb3032ee6feb79 2211
DROP 1602bfb0e5860ab9 2216
PASS df233299c64b99cd 2222
PASS 3cb9adbb67f7e6e5 2225
PASS 5b6e084c08c7e3bd 2235
PASS 3cfc16ee399c98fd 2239
DROP 055e0e6f27d5793b 2245
PASS 9aabec955564649b 2254
DROP f655d43cc7982a0d 2261
DROP 8345f7b4d4de62fb 2265
PASS 0adf15dee6b57eb3 2273
DROP 332e755f6302b973 2281
DROP f9149ee0b4bbbc93 2287
PASS 3a0bbddf715c12ef 2293
DROP f2e5424ac5ae2129 2299
DROP 0b51d4f105a11a71 2302
PASS d946f555f64d339f 2310
PASS 6e1fbc4838def8ff 2318
DROP 893192441bf74a25 2327
DROP 2ea82625d597e64b 2332
PASS 60487e532d27e2d5 2340
DROP a2c13b25bdd83a1d 2347
DROP 7608574a3d159795 2355
DROP 5afaed41edac26bd 2359
DROP 43772a6f93d70f0f 2368
DROP 81018fddf977d2c1 2376
DROP c448d97e2c47d917 2379
PASS f59d69220aaf1849 2386
PASS 83306e6212febe0f 2394
PASS 78f2813031c7ae93 2404
DROP 87361a41cb803a2d 2411
PASS 10397d6c371c6c31 2415
DROP a07b644cf9fd1bf7 2420
DROP 94de031e22aaeda5 2425
PASS 3c094db5bd3d2c91 2432
DROP 6383d2b7b9c6770d 2436
PASS 6161cfdfcc655cdd 2440
DROP 72ee6f04e8fb7503 2444
DROP 03131e10ef76d97b 2454
DROP d2acbd8cde2e586f 2460
PASS 040923f8196baa9f 2464
PASS 74ebfc1701007b55 2468
PASS 64b9ceeec22d649b 2473
DROP d9d79af11ae8e445 2481
DROP 71173c1950e8a1e3 2485
DROP b77fa6bd21620837 2492
DROP f4be08aa1cdb0d19 2497
PASS 5d534ddef82c0135 2501
PASS a44f2d993c802873 2506
PASS de5e9937b93aa15f 2515
PASS 9de33a6e1831df3d 2518
DROP aab6fdd4b7551cd5 2528
DROP dbe6b87d391a8b83 2533
PASS 4fa80c170c7d7ee1 2538
DROP 88180994738216a1 2544
PASS b344831bc89f38ef 2553
PASS 07d18e40c85fa74b 2556
PASS 3210147cfa6be56f 2563
PASS 8014ab168765cdb5 2568
DROP e18f2f2f88e709f7 2575
DROP e3e55c237cf499e1 2580
PASS 2d7c311fccdc387b 2584
DROP 513302523c1ce9e9 2593
DROP dc826ea45af9bb45 2602
PASS bd292076aeffa007 2611
DROP 2a5a5477ce0dd62d 2617
PASS 1d23b82bc2b1fb75 2625
PASS 64ffcf6e8cf69ac5 2631
PASS 8f2dc297213e2e29 2634
DROP 2a860162ad43153f 2641
PASS 0ad9eb89250fb181 2647
PASS 4f458a54eb7f59ed 2655
DROP fbdfad7a125f0e15 2665
DROP 54c62723e0727f37 2674
PASS 65d31576cdb8fafb 2680
DROP 3387f1ba2b53b925 2689
DROP 1a0f47f0b067aa43 2692
DROP fdc301d1e40990db 2699
PASS 5455e4016a1da1a5 2708
DROP a466e3880eb4cd43 2711
DROP 94521eca66481b95 2714
DROP 4bf78e47aad8a0ab 2719
PASS c5aba7c4d5f6483b 2722
PASS 9caccebb30941527 2725
DROP 4f19d58e3e8692db 2734
PASS f153ad1abe8e35e3 2744
DROP c620267bdab1e7fd 2747
DROP 6cb5fbdc2795e9cd 2756
DROP 234dc23f0c7c95cf 2759
PASS 47867a2c98ce66dd 2768
DROP 90d3b8471264f0c1 2777
DROP 23df4200c83d0dfd 2783
PASS 8f1a276d83432f25 2793
PASS 63d92ac8649b5089 2802
DROP 29d6c8d937acbf6f 2809
DROP 39bc5cf2650fab49 2816
DROP 4d9b070b219029d5 2819
DROP 5a87b56ee01d7ab7 2829
PASS f76bd62c469b66e7 2834
PASS 4e757ce8aa4dd2a7 2841
PASS 5dbf9e31ef2274c1 2844
DROP 92e6ca2437da3e6b 2848
PASS 1c7175c3343706b1 2853
DROP b5002cf4e210f7d3 2856
DROP 67d64cb4b768967d 2865
PASS c2e79fdf285c0d07 2868
DROP ddafdccdecac003f 2878
DROP cc6b9fecd57d01ab 2888
PASS c156742f04a1b333 2896
DROP 893dc8c1c10a318b 2899
PASS 05f34163d8160769 2906
DROP 2e72e972dbd346cb 2916
DROP 32a425b15619a8f5 2922
DROP a5fd85a895f91f6d 2928
DROP 9663d72671e3d8c5 2931
DROP 822303e3e6b3497d 2939
PASS 11efb8b17897dabd 2942
PASS 8dd17715aa6c8181 2952
DROP 4f236e4030695533 2960
PASS 310dc3901b6c7241 2969
PASS 85d1503543694515 2979
DROP 6a05b97f4b9f3dc1 2987
DROP 0ea46e7eeec15bbf 2990
PASS f2ade8c45b1e5619 2998
DROP 1e03284fcb3308a1 3002
PASS 1eb3be3128919b85 3011
PASS 3bd7f6142f522191 3015
PASS 9bcd1f45f88130e5 3020
DROP e999cbbcd5412ac7 3024
DROP 7aa73be3a38a336b 3032
PASS e99c46e815885639 3039
PASS 4917a6a3a76aaf35 3048
PASS 815f08c74030d52d 3054
PASS 4bb8234bcaf33203 3061
PASS 157e82ca8cae107f 3070
DROP 1d2ec49344153c0b 3073
PASS f819e740f92093b1 3079
PASS 015872db78341c59 3082
PASS 62dce74597b7acc3 3092
PASS 16bde65d55526d8b 3102
PASS 114f43eaca18a9cf 3112
DROP ece8e70186c8b3cf 3121
DROP 92cded86837a70d1 3126
PASS 4175f25601795b29 3130
DROP afd6759415fe4821 3133
DROP b2c3a11521574c03 3138
DROP 5aa196b9a0bccd03 3147
DROP d371b7a69345e2db 3154
DROP 7078ed93298015f5 3157
DROP c5615b153e6c073d 3167
DROP 7eb155d1b9750659 3175
PASS 5c2addcb89d87441 3182
PASS af4537d386ab42bf 3188
DROP 3884463b6530c6b1 3198
DROP 6a14f5d79ce5862b 3204
PASS f50a468882f27a63 3209
PASS 0101f84e13db311f 3213
PASS f852927e4cbd6863 3221
DROP dc7fdcc2dcc6d081 3228
PASS 17b69f7db2d1da35 3237
PASS bc140de599cb2e5f 3240
PASS 333966b1502b3f53 3243
PASS be5b71b52ee88d89 3246
DROP be222d39ad5e318f 3253
DROP c1d842e20cc93555 3261
PASS 888f9e3c1531a7ff 3270
DROP 82df7bcbfffa005d 3273
DROP d62c7bc85df6f001 3278
PASS d4101d200d60c8c9 3284
DROP b2e87e46ad0212d9 3289
DROP b7af575f05b9be9b 3297
DROP 20ecb19df8fdf255 3307
PASS 7e03980a5c06db6d 3310
PASS 24af2257b57ab60f 3318
PASS e251db971b4ef301 3326
DROP 2180a412eb252d7b 3330
PASS d8b3853614a54829 3337
DROP 03f098be601556cf 3342
PASS b5da75329f4f3893 3350
PASS b303835847ac51dd 3359
DROP fc7ac117837f6059 3369
DROP 74ea8b286a1ea84b 3377
PASS 7874b4017b92452b 3387
PASS 84cee21ff1f98ac9 3392
DROP 6a6b5f50e1c7b1bf 3395
DROP 8f7cb7c44cb2d4ad 3404
PASS 4ddd8f701e50fcd9 3409
PASS 1f946623c2db6a87 3412
PASS cb68cf16a4a00ab3 3422
DROP e887cae57b12cbf3 3431
PASS a69b0b705923d10f 3436
PASS 6d3ccc05ba0b4ecf 3443
DROP 01811d2c191166df 3449
DROP a507d3ee1554e87d 3454
PASS 47eb75d34aa95967 3462
DROP d556b3bed89a948b 3472
PASS 248ebc4be84f75fb 3480
PASS 6c1923a37292db73 3486
DROP 385eb8555ac4ecb9 3496
DROP 48cf7d020a9e1d79 3503
DROP d11991880c2e8bd7 3507
PASS a73ae8fd14931709 3510
DROP 59f0b552d099d7a1 3515
PASS 9d8f6e59c36c1a97 3525
PASS b90ccd3e1b779961 3533
DROP 1daa4a147906128f 3543
DROP 5ba353c7afc1a3e5 3546
PASS c92a3c159027b91d 3554
DROP 42c2b9522a1ea96b 3558
DROP fbdabb437a18f2d1 3563
DROP e7562cc36e1d22f1 3572
PASS 7fe11db8664ca9c5 3581
DROP 9132a84113fbc717 3588
DROP 93bd7762746c749d 3596
PASS 80759bd8fa638633 3605
PASS 7333b299fb37f2c5 3609
DROP 595157ab9fe78dcf 3614
DROP 03e178afe8a45845 3624
PASS 3a441e597e4f1965 3630
DROP 88c2046b9b003061 3637
PASS 6c4d5e269ed767dd 3645
DROP bb64637a51aa6e81 3654
PASS e419eb2117520531 3658
DROP fd0c8013e1c6354f 3666
DROP fd755fb8755a18e7 3674
PASS 036785324f891995 3684
PASS ddcc360a3d153507 3689
PASS 298d614253099087 3696
DROP caaf96c36c93d37b 3699
DROP bbe7ad0259c423c7 3709
DROP e8c3ba4ce169fad5 3717
PASS 1983632809b21609 3722
PASS 98fab6fb62dff703 3728
PASS 80f9808fed3cd37f 3731
PASS 9147b6cbb4257b87 3735
PASS e30ecfae693750f1 3742
DROP 91ecd229e9ede9cb 3750
DROP 6babb374ec22b989 3754
DROP fdce8ffb5a9f4153 3758
PASS c0d7fdd38512401f 3763
PASS b600d8060f9c8267 3767
DROP 9c6dd89a69b0e4a1 3773
DROP 3d68380b490b33a5 3780
PASS 2d3b332ed7e86a61 3783
PASS 80d73eb2535ee397 3789
DROP cdfa209bdfe2f89f 3799
DROP b42570d60738316d 3807
PASS 0fe2074f249ba313 3813
DROP 6094a98e102937f7 3820
DROP 5e50de4fc48f69a3 3829
PASS 94ff73440a412d7b 3836
PASS 92d6872d9722979d 3844
DROP 6de1cfe04bfa4131 3851
DROP 3c93619a288403cd 3859
PASS 05fc10b6f5ff765b 3863
DROP 426ae283d70759a9 3873
PASS f34dbf29a22d56ad 3883
DROP 14289848a272a769 3887
PASS 73e040a0dcc93a15 3890
DROP 1afa07fd2996cb23 3898
PASS cfe396a73c438781 3904
PASS 2c79be6795b9c27f 3911
PASS a9e9cbebc16b1709 3919
DROP 155a2c066f262eed 3924
DROP f6f81ca0688a88d9 3934
PASS 1738a636266b5159 3937
PASS ceca816aa6b0d883 3946
PASS 1cad3c4dabfe066d 3949
DROP c85ac54926f271ed 3957
DROP 5fec902d9a77740f 3966
PASS 4db193cd952759a5 3976
PASS e609d5d715937777 3986
DROP 6fdcb73b70eafc59 3993
PASS e3a1c7bd5ea9574f 3997
PASS f24c48af69737f17 4001
PASS bf3819f2be1d4c83 4008
DROP 45c0ffe61132b779 4016
PASS a9082be8f69eba4b 4024
PASS d2ad0f801fb91469 4031
PASS 35a3418145c67423 4037
DROP af6bd05c06006e5b 4047
PASS ed3b941790533627 4055
PASS 5c28cc44f1b4abe7 4058
PASS e51a3c7b5f445b23 4067
DROP fff147df9d44d593 4075
DROP 52a7073388f91219 4080
DROP 5335f78b7dad9eb1 4084
DROP 9606eb33eb90f47f 4092
PASS ad36531519f4085f 4095
DROP cee769d3059f327d 4101
PASS a9e5aa176e444493 4107
DROP ed04d4331d7dc9ed 4114
PASS 47435538f18c8ae5 4122
DROP 68443c4215c4a887 4125
DROP f787fca7ed574f27 4129
PASS 23a8b5f9fb631713 4132
DROP 87d760de609b9d4f 4139
PASS 47b7fbc0a422b557 4143
DROP a7c27ad3174cbddb 4147
PASS 510f9a2b0b69ab9b 4154
DROP 5945c53f62433fef 4164
PASS 32c696512ae7caf7 4170
PASS 38a987fab5450473 4173
PASS 991bccfe61acf4c9 4181
PASS 6fc2c57e64d5a409 4184
PASS 1887b055c9d0c005 4189
DROP 9ca8ab37c045530f 4195
DROP 63548ac9d02117b3 4201
PASS 0623d60bd0d232e5 4205
DROP 148cfc58153e89e9 4210
DROP d7aa361531db5c7f 4213
PASS 4cd9e7aa9afeb063 4217
PASS 960015cd24ab8b95 4224
PASS 6fa51ebc7f291a5d 4230
PASS c87de5db55ead581 4233
PASS 53bd3ab3ce60de11 4238
DROP 3c72ee8023a6e33d 4244
PASS e39300880be7e68f 4252
DROP 6d278da181ec8707 4258
DROP b33350533709eab9 4262
PASS 60d863b4977d6c99 4272
DROP 5113520ca76b7d1f 4276
PASS 35233624fb79772b 4283
PASS 0df42fcf102fd9c5 4291
DROP 798a3dd5cecde885 4298
PASS 37f12004fbbf5921 4303
PASS caac4f738eef1281 4310
DROP ff0a451fc68e16e3 4318
DROP 98f66f48710ccdb9 4325
DROP b6e9d735d113b789 4331
PASS 15281ef7cc609b25 4334
DROP 5d8cb72a8efcc737 4343
PASS 4455b06c5e2f657d 4346
DROP ddf44c02f4154181 4353
DROP 7411aff0849e72d5 4362
DROP e732ac80c3be73fb 4365
PASS 561a83f886e0b48b 4369
PASS 2b4af7af2ca0606b 4372
DROP 9f8209adf817a487 4375
DROP 8bc245e8a2233845 4379
PASS 754ca17b94730cbf 4385
DROP 6a8e9f7b2fcc2609 4395
PASS cbcf8256b8a924d7 4404
PASS 793e3743a60170d7 4410
PASS d670403d759351d3 4419
DROP 704eb3992bc3abd1 4428
DROP 3a06304089bddf0f 4437
PASS b4878cabea794eb3 4446
PASS 4f61e70289cefb45 4450
PASS 5fd6d110ab27cd77 4456
PASS f3c42e8ed93a9c89 4464
PASS a504892b3400680f 4469
PASS f3f1a808aee36a85 4477
DROP d3af66579e249a4b 4486
DROP 55c48db85a4284a9 4495
PASS c55202bb76352f2f 4500
DROP 6f2375d65f701a51 4509
PASS 563db89c8eb115d5 4515
DROP 55aaeadacdccf8e1 4520
DROP 2c994326a8a47dff 4524
PASS 9febc7127ba10931 4534
DROP d9164458ef3c7247 4537
PASS b9a79cf03ba62bcb 4547
DROP 90c7473fdb3b917b 4555
DROP 81b8ea576a1d2383 4561
DROP f10ae0630c842bb7 4569
DROP d485d059807b845f 4573
DROP 5720d1ca5739641b 4578
PASS 65d0c49c89701e8d 4582
DROP e235d7510ac7ce81 4591
PASS c56d872b7f471e4b 4600
PASS 14b449194bda0a35 4604
PASS bda340c211559c15 4612
PASS b1aac3b4bf67e36b 4615
DROP affe6b335a0733c5 4621
PASS 310a205dbabcf3ad 4625
DROP e6eb3d5572dee953 4629
DROP d1f5b3534dcb2199 4632
DROP d2a0daa1ad2b5143 4640
PASS 52c1d5aa4c58fac9 4645
PASS 1fc84b5b53282fbf 4649
PASS 3380d609908f95dd 4656
PASS 463390dbea33de8f 4662
PASS cace2545586e5b6d 4666
PASS 7db079983a632f53 4670
PASS 1508789d0b4ab6e9 4680
PASS 7f75f47b80f9b3f3 4690
PASS 2d971a85b8ca49bf 4697
DROP eb24774132fedbb1 4700
PASS 7020e60306e69875 4706
DROP 75ab4e3100f25af5 4714
PASS 6e0b7f1ec68676c3 4717
PASS f2dff74077f8f3c7 4727
PASS f38082d2fa49a5df 4732
PASS 908dfca7c0ec8d75 4736
DROP cdef322783f8d1e9 4739
DROP 7951922922a01ccb 4749
PASS 148ab062291a676b 4753
DROP 279f47e8d4a5fe03 4760
DROP 366a1308370145e1 4768
DROP 8c25d3a97cd57a35 4771
PASS c1058be78c9f76db 4781
PASS 1b8bb5d208868c15 4787
DROP 53902f1a063a4169 4794
PASS d8fe07acbd5d843f 4798
DROP 8f890dcc1d08fc45 4803
PASS af8801fdb2702387 4813
DROP deaf1210425922ff 4820
DROP 7447812b846cc3f5 4829
DROP 5825ece7e5935823 4838
PASS 5f5ae6eed5fb3007 4847
DROP 174ee6fb98c6c20b 4852
DROP 9156605b791b3a79 4856
PASS 3426b73071d182c3 4864
PASS e4eb251c365a521f 4871
PASS f59697d9a4f305a5 4874
DROP 0b41d67a98173ce3 4880
PASS ef65dd54a2094cff 4886
DROP e2672ca31d8ca62b 4893
DROP 3655e15b1f86c8d3 4902
PASS f5af505b8dfb010b 4909
PASS 4a65660d82e8141b 4916
PASS b15fba6688ccefd3 4924
DROP fe90015bcf7f1d13 4932
DROP 5d94be0fc14c16e1 4936
DROP 1a4b8eedd7c71a05 4946
DROP 31bb9ca081bb60b3 4952
PASS 8113e62e6005c751 4958
PASS 26f0d661aaed845f 4964
DROP f6c774d6ad272013 4970
DROP 0a1191c36a11ad8b 4979
PASS 08fa597e1f22a5df 4982
PASS f899f4587032c37b 4990
PASS 37f7847f63bb9563 5000
DROP 6e17251f1be6866b 5009
PASS c41ded4a830f9251 5013
DROP 92ba4e61a51c415f 5022
DROP 0b2b155af3b15193 5029
DROP aa8a4e3e0f5e0785 5037
DROP c5639b09987a7b41 5042
PASS 29a615a91c5a3ab5 5047
DROP 625a2a7332125a55 5052
PASS 05ece300c3f53dfb 5062
DROP 057ded1890d23fb9 5070
PASS e8f9c0f366f65c01 5077
PASS 115c0e8ee6243675 5080
DROP 61c7a73c9b409285 5086
PASS 82f62d3352333a9d 5095
PASS 48ce8c519274dce3 5104
PASS 018be05b13ef82e3 5114
DROP 5622ddf5a0485ed9 5120
DROP ed3224e6f694c607 5124
DROP 344594abc015fe4d 5133
DROP 37a6c8065a2bf1c3 5142
DROP eefa7e3fb3ab0d81 5145
DROP e52f1448cc7ce873 5151
PASS ba0b6fc7c0104ea3 5155
DROP 6e1e98243b7aee4f 5164
PASS 102cc5a8a19ac593 5167
PASS 0214887b8912d747 5177
PASS b3d318333070af0f 5186
PASS 6c3e51a1f99d47e7 5193
PASS ba1ab23881f50051 5197
PASS b771bdbde503657b 5205
DROP 7affc23560d5d3ed 5208
DROP 8ff2871362ec6705 5214
PASS 93c8c906a2e6dc37 5221
PASS f949da2297041255 5230
PASS 8befc63a73d4f84b 5239
PASS 7fe51f36d2f66bc5 5248
PASS ac3fda54f0073241 5252
DROP 26938a7ee8ccae0f 5259
PASS bbc216a240cc1cc5 5267
DROP bac8ffe706ef5ded 5276
DROP 5e1c017e026c637b 5282
DROP eb508825645e7bfd 5292
PASS 631047ae5364f229 5302
DROP 7e0addff3e660fa1 5305
PASS 0b715869e793dad9 5308
DROP 8f0fadc5876c4817 5313
PASS 1aedff10212c82f5 5323
DROP 36bab02da49ef5fd 5329
PASS 6b8c0a7b96cbac63 5336
DROP 586d1b7e98f5bb5b 5339
DROP 6965253480d79bc7 5345
DROP 2c306155cfe549a7 5350
PASS 7222e114078f94db 5354
PASS 4c65f6865d85d3a9 5359
DROP e93081aa5fa58671 5367
PASS 92c8b33627369dc1 5376
DROP f517ef67b9c40f31 5384
DROP d951155390330563 5387
PASS 36bbe0acade7f6e1 5397
DROP 951907481dd0b54d 5403
PASS 9a503d8b9559e3af 5406
DROP 7683bab1b684cc45 5416
DROP 60467fd5290ba855 5426
PASS 9822b2bc7af557e1 5432
PASS 6c80ffc48650bca7 5435
DROP 2cd5efe0e5b26d21 5438
DROP 6ebe877c11b3fe83 5447
DROP 9b14fdeb659c36ed 5455
DROP 56f492066fcb3371 5459
DROP 590660929de674dd 5469
PASS ee64e0caa6ad8a7b 5479
PASS b6c2f4fe1b330b37 5482
PASS 9ffdd76736b1075f 5491
DROP cf363dd945898f77 5497
PASS 83ea60a6fc2a8407 5503
DROP e378311cc01bfe7d 5512
DROP b0eaf8bb95e3f61d 5518
PASS e5bb69b22330fa6d 5522
DROP 728279300f94132b 5532
DROP 512272c9ef8e0c13 5538
PASS 3fd5cd4ea623d839 5541
PASS b4c8c87348279a2f 5546
DROP 4c05c7c5353cca4f 5549
DROP cf9981bd5a41f475 5552
PASS f236203065f92c41 5556
PASS 5990e80c91e805b3 5565
DROP 047f33bfa810d301 5573
DROP cd7a6927adf095db 5579
PASS 7522538390546783 5589
PASS 97549ef6bfd0cf21 5593
DROP 086868e074c3f023 5603
DROP 0adb48a443892cd5 5610
DROP d2f23d79d1c0e817 5617
DROP f2ad62df06b26f9d 5623
DROP 869f48dd214f77ef 5628
PASS be4eb231922d2843 5631
PASS 3baeb6cabe2ae9d5 5638
PASS dadf39e5650e2cbb 5642
DROP 23638717f4074e3b 5645
DROP 604a752cc3432471 5654
PASS 28248b6ab19e5579 5659
PASS 3bb086d5641df855 5668
PASS fe9c3060ed9caa0d 5678
DROP ab14d97eb8fa41e9 5687
PASS 6b811bdc24cd76f7 5694
DROP 97d9f21c6a274289 5704
DROP b24e24de268dea73 5709
PASS fc3277a5ab096381 5716
PASS dd93c789b694727f 5725
PASS 1248f0a9810d4397 5728
PASS 42c0a1311b654d0b 5733
PASS 683656ed6b1630bd 5737
DROP bec01ee8b776be3d 5747
PASS 665ead57404404e3 5750
PASS ae607ca78ec7124f 5753
PASS e8a547dda290f673 5758
PASS f4743a6a79bcf0e7 5763
PASS 57b846c5e97c1b0f 5770
PASS 1e9b6b74b231de9d 5776
DROP 8d0c6fb15b768027 5785
PASS 16ed3dbb8fd97cd1 5790
DROP dfa096ac84f48937 5800
PASS 60e13cb9bf7d6b2b 5805
PASS 50c3b6b98b337089 5813
DROP e601a984688b872f 5818
PASS aa05570107e76e49 5824
PASS f740b4a93a2987e5 5834
DROP 9002aa271d5c134d 5839
DROP 3a770850463633ed 5847
DROP ab58d4926a2e535b 5856
PASS b11386e77a2ca6cd 5863
PASS 701d2a1f571ad79d 5872
PASS a49fc09b663948f9 5882
PASS f764414e17515855 5887
DROP f1cf32ae35af0a35 5896
PASS 75bd8cbc8fe55007 5903
DROP 0547d06a91d38fa3 5907
PASS 765f2209db23d59f 5910
PASS f31945a17624696f 5917
DROP f6ae76cdebc524ed 5923
DROP 129b8e2eea64c031 5927
DROP f0bb6c3b2e1e379f 5930
PASS 2bc8592923ac71bd 5934
PASS a1eba61324893d87 5939
DROP f965ed361031b913 5946
PASS 6d7418f18f6857c1 5951
PASS a15b09b34f663c0f 5958
PASS 915fac620657ee61 5967
DROP f96af24bcf06fb9f 5971
PASS ee2fe99254de0063 5977
PASS a0ebeb261feeae57 5987
DROP a6f028b71f0a18cf 5995
PASS b5e2c2a0c12d6be3 6003
PASS 5aa570dd22230f35 6010
PASS d96d212c93364e89 6017
DROP 259b067a2a73d759 6027
PASS dabafb0887b45dc3 6031
PASS 57c5514dfcae1bab 6037
PASS 43c384a1face5b07 6041
PASS 7b6ac21e17687ea1 6050
DROP 56f91d51ae519123 6053
PASS 134d41499d328ec1 6063
PASS 9f68ca6057b32be3 6066
PASS 308497c990643a3d 6073
DROP 7b271d9e3b10e633 6081
PASS 5b52a3091f1ec04b 6087
DROP fb2fe5a96406318b 6092
PASS e959479c1be00b31 6096
DROP eed28ffd558bfd2d 6105
PASS 78b74c7375dbec37 6115
PASS d551098b2452b7bf 6118
PASS 43bc078cf629ad0f 6124
PASS 3079962240fb9065 6131
DROP ec29a9b409244bd9 6137
PASS ca67697e705a4d2d 6145
PASS ba506dde86f6c333 6149
PASS 7b05502aef6c2a2b 6159
DROP 532726c1e191e847 6163
PASS 93a39b78c5d970fd 6170
DROP 9af4a0e4950b81af 6179
DROP 6fc7e8b42e0a4a5d 6188
PASS 6490537ee038d29b 6196
DROP ec990ce2cd7e658b 6202
DROP 2985793eb1e5eb71 6210
DROP a59aee4149e988a7 6220
DROP c141f9086d78c26d 6228
PASS 8187f08e38d06c1b 6237
DROP 2b8197ac8c9fbe63 6245
PASS c347073d941e3a9f 6248
PASS 1bc143ed474d53b5 6256
DROP fdda65bb113c0037 6261
PASS 52f54ea4fb692165 6264
DROP 43827a3679cf5f37 6272
PASS 8873300d0a8568db 6275
DROP 0cb8facdf035e427 6279
DROP 90d03b10fb0ac71b 6289
PASS bc35e87fdfe2ac95 6296
DROP 7979c54b5ca29ffb 6299
PASS 6e03a42090124969 6307
DROP 106df67f4bff1761 6311
PASS c41e6cbf29f4213f 6319
PASS b12dd219e08dceaf 6322
DROP 3b292d14056df9fd 6332
PASS e64e70e9fd8c14bd 6338
DROP 978d7cfb38280087 6344
PASS 9f04b6b2f7c19cad 6351
PASS 5fe10ab3604dcb7b 6361
DROP 00551176ecead1d3 6370
PASS bc903b3d2eb6199d 6377
PASS 15a8f1aa56a67691 6382
DROP 330143bf007307e7 6389
PASS eaa41cb9a36be64d 6394
PASS a2ff5dc13796d38f 6404
PASS e022635b631399cb 6413
PASS becf3c6a22338b4d 6416
DROP 0fad5a5cab57c333 6426
DROP 46e9eb926bb8f061 6432
DROP 5bc7591d97d0b5bf 6442
DROP 0517746c4b564643 6448
PASS e1a3c7643f626409 6451
DROP b8e3e531918dcb93 6457
DROP e5b9cad5e3d8c035 6466
DROP fccfbaa2773b68ff 6473
PASS 29c7d611d2584145 6476
DROP 0c30895c3ddec837 6484
DROP a680701bc0198025 6493
DROP 68a170df64aa8f79 6503
PASS ac8016361a30c6ab 6512
DROP a06972d313228d13 6521
DROP 2d8747edd6ca3cfd 6526
