DROP 02fa25eb2257df2f 0
PASS b55705ac4bbffe3d 9
DROP 0a62dc90b2222ff7 13
DROP c29fbc423528eae5 21
DROP 24fdbc6a8ac438c5 26
PASS 0a226c3d6c97577d 34
PASS 886dd7658fe17375 44
PASS c8c0052fe0013d85 49
DROP 0efcfd04bd6bef3d 58
DROP e7d8dbdabc6ce8c3 68
DROP 570fe2eac258df73 76
PASS f66654f9ab954fe5 80
PASS e5ad2102476a6079 87
PASS f548258464acd66d 90
PASS d0bba08bf26c1629 97
DROP b8730d089b1b955b 105
PASS 3ebf12d509a5a3c1 115
DROP cb58e5c8a9deff17 124
PASS ffb14ac6f16dda67 127
DROP ef63472f33c9ac07 137
DROP 665a6df51f72b3bb 142
DROP a05f3f933e0396ed 151
PASS 05cc092135ce14b1 161
DROP 7359d21bcfc43259 170
PASS e6646d76199253df 179
PASS a12a3181deb022d9 185
PASS 854b2656cf569ba9 192
DROP 1ddb02262b44d51d 201
DROP aa88ec90cd52d29b 205
DROP 4f8540461426443b 210
PASS 4421e09c77405445 215
DROP ca5b31792823dac9 224
DROP fdc32a52fb683bc5 234
DROP 12c9b3ccf13b1107 238
DROP 67ba5a224ae3dfaf 246
PASS 2637d63947a95b4d 249
PASS af0f489cfaee1a95 253
PASS 28853725fe77190d 258
PASS ce136d3b58ee482d 266
DROP 2f9d55e40cfbd741 274
PASS f47f3c58be037473 280
PASS 2a51671fe849b7eb 285
PASS 01012a8439166731 293
DROP 0af0d258230f9da9 296
PASS 56181acb65dce2ad 302
PASS 0b5318766641eaff 310
PASS 83756c31013f87b9 317
PASS 8d8f2bd989cfdc3b 322
DROP 13f12f62dbcd2629 331
DROP e70e0319f955df2b 338
DROP 00d2eaa12bced745 344
DROP 3c4185f4c460acef 352
PASS e2d621da1f44c9fd 361
DROP a7ba9bc260249939 370
PASS 74aca440b324f7bf 376
DROP 6af3cd46c0c74bfd 384
DROP 8d0cd46971caa7a3 393
DROP 8e75babcd9734fd9 401
PASS fe5154b3a7e75441 411
DROP 1e6e2c321cd6107d 421
DROP a991bf71bf7eb2b7 431
PASS 4cb1c59736ee6d75 436
PASS 8617066228a873cf 445
DROP 6f4a5646d0e671d9 449
DROP 3f56d6918e08b2a9 457
PASS fd504e774697bd8b 464
PASS 5c9805e9c20985b1 467
PASS 40d231627df23a6b 474
PASS 03c6e02e314816e1 478
DROP bc20dc1ae93b1365 486
PASS 2ca11f6f0b9ad53f 495
PASS 992d06599329de35 505
DROP 355554e8bd252765 508
DROP 6ed4f44f085f6833 518
PASS c1163825d46727d5 521
PASS f640fba27ea03ae1 528
PASS 9217989f80bc7137 538
PASS 1f8afb6b278e1fed 541
DROP 72a785ac73bde287 547
DROP c5a0857b41f37a51 556
DROP 2d1945f58c45c19f 564
DROP 40afe3fcd630d5d3 568
DROP 47b8d93a7ccd7255 575
DROP 7098b966b27e98e1 580
PASS 9b0c4ebcd3f1fa39 589
DROP 4999afe92b866819 594
PASS d3cfb50f1a13327b 600
DROP f26f799bfc91de5d 607
DROP e26618aa7c704b4b 615
DROP 4c63f477439e87df 621
DROP 39ee4b59c1211af9 631
DROP f9627dd66ff6f945 637
DROP 42fd166e7296969d 644
PASS ca4aa21799273797 653
PASS f6f9296c9175cfc1 662
DROP be3898d701f5a187 670
PASS 5e2b8efb8091ef0b 675
DROP 8e3e76bca62e478b 680
PASS f48a1d1689f810fd 690
DROP fea9fb5a1e7aeb1b 694
