make -C ../src clean
make[1]: Entering directory '/home/horatiu/An2_Sem1/so/Tema3/assignment-parallel-firewall/src'
rm -f ring_buffer.o producer.o consumer.o packet.o ../utils/log/log.o serial.o firewall.o
rm -f firewall serial
make[1]: Leaving directory '/home/horatiu/An2_Sem1/so/Tema3/assignment-parallel-firewall/src'
rm -f *~
rm -rf __pycache__
rm -rf out
make -i SRC_PATH=../src
make[1]: Entering directory '/home/horatiu/An2_Sem1/so/Tema3/assignment-parallel-firewall/tests'
make -C ../src UTILS_PATH=/home/horatiu/An2_Sem1/so/Tema3/assignment-parallel-firewall/utils
make[2]: Entering directory '/home/horatiu/An2_Sem1/so/Tema3/assignment-parallel-firewall/src'
cc -Wall -Wextra -ggdb -O0 -I/home/horatiu/An2_Sem1/so/Tema3/assignment-parallel-firewall/utils  -c -o ring_buffer.o ring_buffer.c
cc -Wall -Wextra -ggdb -O0 -I/home/horatiu/An2_Sem1/so/Tema3/assignment-parallel-firewall/utils  -c -o producer.o producer.c
cc -Wall -Wextra -ggdb -O0 -I/home/horatiu/An2_Sem1/so/Tema3/assignment-parallel-firewall/utils  -c -o consumer.o consumer.c
cc -Wall -Wextra -ggdb -O0 -I/home/horatiu/An2_Sem1/so/Tema3/assignment-parallel-firewall/utils  -c -o packet.o packet.c
cc -I/home/horatiu/An2_Sem1/so/Tema3/assignment-parallel-firewall/utils -Wall -Wextra -ggdb -O0 -c -o /home/horatiu/An2_Sem1/so/Tema3/assignment-parallel-firewall/utils/log/log.o  /home/horatiu/An2_Sem1/so/Tema3/assignment-parallel-firewall/utils/log/log.c
cc -Wall -Wextra -ggdb -O0 -I/home/horatiu/An2_Sem1/so/Tema3/assignment-parallel-firewall/utils  -c -o firewall.o firewall.c
firewall.c: In function ‘main’:
firewall.c:38:24: warning: variable ‘threads’ set but not used [-Wunused-but-set-variable]
   38 |     int num_consumers, threads, rc;
      |                        ^~~~~~~
cc -I/home/horatiu/An2_Sem1/so/Tema3/assignment-parallel-firewall/utils -Wall -Wextra -ggdb -O0 -o firewall ring_buffer.o producer.o consumer.o packet.o /home/horatiu/An2_Sem1/so/Tema3/assignment-parallel-firewall/utils/log/log.o firewall.o -lpthread
cc -Wall -Wextra -ggdb -O0 -I/home/horatiu/An2_Sem1/so/Tema3/assignment-parallel-firewall/utils  -c -o serial.o serial.c
cc -I/home/horatiu/An2_Sem1/so/Tema3/assignment-parallel-firewall/utils -Wall -Wextra -ggdb -O0 -o serial ring_buffer.o producer.o consumer.o packet.o /home/horatiu/An2_Sem1/so/Tema3/assignment-parallel-firewall/utils/log/log.o serial.o -lpthread
make[2]: Leaving directory '/home/horatiu/An2_Sem1/so/Tema3/assignment-parallel-firewall/src'
make[1]: Leaving directory '/home/horatiu/An2_Sem1/so/Tema3/assignment-parallel-firewall/tests'
SRC_PATH=../src python3 checker.py

~~~~~~~~~~~~~~~~~~~~~~~~~~~~~~ Skipping test generation ~~~~~~~~~~~~~~~~~~~~~~~~

~~~~~~~~~~~~~~~~~~~~~~~~~~~~~~ Running tests ... ~~~~~~~~~~~~~~~~~~~~~~~~~~~~~~~
Test [    10 packets, sort False, 1 thread ] ...................... passed ... 3
Test [ 1,000 packets, sort False, 1 thread ] ...................... passed ... 3
Test [10,000 packets, sort False, 1 thread ] ...................... passed ... 2
Test [20,000 packets, sort False, 1 thread ] ...................... passed ... 2
Test [    10 packets, sort True , 2 threads] ...................... passed ... 5
Test [    10 packets, sort True , 4 threads] ...................... passed ... 5
Test [   100 packets, sort True , 2 threads] ...................... passed ... 5
Test [   100 packets, sort True , 4 threads] ...................... passed ... 5
Test [ 1,000 packets, sort True , 2 threads] ...................... passed ... 5
Time expired for process!! Killing ...
Test [ 1,000 packets, sort True , 4 threads] ...................... failed ... 0
Test [10,000 packets, sort True , 2 threads] ...................... passed ... 5
Time expired for process!! Killing ...
Test [10,000 packets, sort True , 4 threads] ...................... failed ... 0
Test [20,000 packets, sort True , 2 threads] ...................... passed ... 5
Test (20000 packets, 4 threads) took 488421.9023500001 us, Test (20000 packets, 2 threads) took 582264.3935 us with a speedup of 0.1921340764992004 which is below 0.2
Test [20,000 packets, sort True , 4 threads] ...................... failed ... 0
Log tracing failed: file ref/test_1_000.ref does notstart with the contents of out/test_1_000.out.
Test [ 1,000 packets, sort False, 2 threads] ...................... failed ... 0
Test (1000 packets, 4 threads) took 18870.30985 us, Test (1000 packets, 2 threads) took 18113.89985 us with a speedup of -0.040084662414803955 which is below 0.2
Test [ 1,000 packets, sort False, 4 threads] ...................... failed ... 0
Log tracing failed: file ref/test_10_000.ref does notstart with the contents of out/test_10_000.out.
Test [10,000 packets, sort False, 2 threads] ...................... failed ... 0
Test (10000 packets, 4 threads) took 247243.14980000007 us, Test (10000 packets, 2 threads) took 291200.96869999997 us with a speedup of 0.17779185767354225 which is below 0.2
Test [10,000 packets, sort False, 4 threads] ...................... failed ... 0
Log tracing failed: file ref/test_20_000.ref does notstart with the contents of out/test_20_000.out.
Test [20,000 packets, sort False, 2 threads] ...................... failed ... 0
Test (20000 packets, 4 threads) took 492899.79159999994 us, Test (20000 packets, 2 threads) took 589811.636 us with a speedup of 0.1966157138866198 which is below 0.2
Test [20,000 packets, sort False, 4 threads] ...................... failed ... 0

Checker:                                                                    45/100
